INFO 2026-04-21 16:17:04,888 views 📊 Stats request - Period: all, User: salomon (Patient)
INFO 2026-04-21 16:17:04,901 views ✅ Total patients: 8 (filter: {})
INFO 2026-04-21 16:17:04,905 views ✅ Total consultations: 10 (filter: {})
INFO 2026-04-21 16:17:04,910 views ✅ Urgences: 0
INFO 2026-04-21 16:17:04,914 views ✅ Maladies distinctes: 1
INFO 2026-04-21 16:17:04,922 views ✅ Par médecin: 3 médecins
INFO 2026-04-21 16:17:04,924 views ✅ Par service: 1 services
INFO 2026-04-21 16:17:04,924 views 📤 Response: {'total_patients': 8, 'total_consultations': 10, 'consultations_urgences': 0, 'maladies_distinctes': 1, 'par_doctor': [{'medecin__username': 'salopa salopa', 'patients': 1, 'consultations': 8}, {'medecin__username': 'paul paul', 'patients': 1, 'consultations': 1}, {'medecin__username': 'None', 'patients': 1, 'consultations': 1}], 'par_service': [{'service': 'general', 'patients': 1, 'consultations': 10}], 'period': 'all', 'generated_at': '2026-04-21T16:17:04.894350+00:00', 'debug': {'patient_filter': {}, 'consultation_filter': {}}}
INFO 2026-04-21 22:55:56,336 views ✅ Nouvelle ordonnance créée: 2 pour consultation 21
INFO 2026-04-21 22:56:05,468 views ℹ️ Ordonnance 2 existe déjà pour consultation 21, réutilisation...
INFO 2026-04-21 22:56:21,416 views ℹ️ Ordonnance 2 existe déjà pour consultation 21, réutilisation...
INFO 2026-04-21 23:16:27,288 views ℹ️ Ordonnance 2 existe déjà pour consultation 21, réutilisation...
INFO 2026-04-21 23:16:27,447 views 📥 Création médicament: {'ordonnance': 2, 'designation': 'M', 'posologie': 'pso', 'quantite': '2', 'duree': '2'}
INFO 2026-04-21 23:28:21,367 views ℹ️ Ordonnance 2 existe déjà pour consultation 21, réutilisation...
INFO 2026-04-21 23:28:21,565 views 📥 Création médicament: {'ordonnance': 2, 'designation': 'medi', 'posologie': 'pso', 'quantite': '2', 'duree': '2'}
INFO 2026-04-22 05:50:07,866 views ✅ Nouvelle ordonnance créée: 1 pour consultation 1
INFO 2026-04-22 05:50:07,949 views 📥 Création médicament: {'ordonnance': 1, 'designation': 'Medicament', 'posologie': 'Psologie', 'quantite': '2', 'duree': '2'}
INFO 2026-04-22 11:56:40,546 views ✅ Nouvelle ordonnance créée: 2 pour consultation 2
INFO 2026-04-22 11:56:40,626 views 📥 Création médicament: {'ordonnance': 2, 'designation': 'Paracetamol', 'posologie': 'Posologie', 'quantite': '12', 'duree': '2'}
INFO 2026-04-22 23:06:51,806 views 📊 Stats request - Period: all, User: hh_salomon (Médecin)
INFO 2026-04-22 23:06:51,961 views 📊 Stats request - Period: all, User: hh_salomon (Médecin)
INFO 2026-04-22 23:08:37,809 views 📊 Stats request - Period: day, User: hh_salomon (Médecin)
INFO 2026-04-22 23:08:41,594 views 📊 Stats request - Period: month, User: hh_salomon (Médecin)
INFO 2026-04-22 23:08:44,017 views 📊 Stats request - Period: year, User: hh_salomon (Médecin)
INFO 2026-04-22 23:08:45,997 views 📊 Stats request - Period: all, User: hh_salomon (Médecin)
INFO 2026-04-22 23:08:47,027 views 📊 Stats request - Period: all, User: hh_salomon (Médecin)
INFO 2026-04-24 00:40:42,704 views 📊 Stats request - Period: all, User: hh_salomon (Médecin)
INFO 2026-04-24 00:40:42,836 views 📊 Stats request - Period: all, User: hh_salomon (Médecin)
INFO 2026-04-24 00:40:45,729 views 📊 Stats request - Period: day, User: hh_salomon (Médecin)
INFO 2026-04-24 00:40:49,341 views 📊 Stats request - Period: month, User: hh_salomon (Médecin)
INFO 2026-04-24 00:40:51,856 views 📊 Stats request - Period: year, User: hh_salomon (Médecin)
INFO 2026-04-24 00:40:53,344 views 📊 Stats request - Period: all, User: hh_salomon (Médecin)
INFO 2026-04-24 00:40:54,884 views 📊 Stats request - Period: day, User: hh_salomon (Médecin)
INFO 2026-04-24 00:41:00,156 views 📊 Stats request - Period: month, User: hh_salomon (Médecin)
INFO 2026-04-24 00:41:01,799 views 📊 Stats request - Period: day, User: hh_salomon (Médecin)
INFO 2026-04-24 00:41:07,038 views 📊 Stats request - Period: month, User: hh_salomon (Médecin)
INFO 2026-04-24 00:55:10,513 views ✅ Nouvelle ordonnance créée: 3 pour consultation 32
INFO 2026-04-24 00:55:21,994 views ℹ️ Ordonnance 3 existe déjà pour consultation 32, réutilisation...
INFO 2026-04-24 00:57:22,565 views ℹ️ Ordonnance 3 existe déjà pour consultation 32, réutilisation...
INFO 2026-04-24 01:00:41,152 views ℹ️ Ordonnance 3 existe déjà pour consultation 32, réutilisation...
INFO 2026-04-24 02:09:59,176 views ✅ Nouvelle ordonnance créée: 4 pour consultation 36
INFO 2026-04-24 02:17:45,531 views 📊 Stats request - Period: all, User: hh_sam (Médecin)
INFO 2026-04-24 02:17:45,656 views 📊 Stats request - Period: all, User: hh_sam (Médecin)
INFO 2026-04-24 02:18:07,908 views 📊 Stats request - Period: day, User: hh_sam (Médecin)
INFO 2026-04-24 02:21:39,133 views ✅ Nouvelle ordonnance créée: 5 pour consultation 37
INFO 2026-04-24 02:24:57,203 views ✅ Nouvelle ordonnance créée: 6 pour consultation 38
INFO 2026-04-24 02:28:13,674 views ✅ Nouvelle ordonnance créée: 7 pour consultation 39
INFO 2026-04-24 02:32:46,146 views ✅ Nouvelle ordonnance créée: 8 pour consultation 40
INFO 2026-04-24 02:45:11,807 views ✅ Nouvelle ordonnance créée: 9 pour consultation 41
INFO 2026-04-24 19:54:24,055 views ✅ Nouvelle ordonnance créée: 10 pour consultation 42
INFO 2026-04-24 20:04:24,577 views ✅ Nouvelle ordonnance créée: 11 pour consultation 43
INFO 2026-04-24 20:16:05,824 views ✅ Nouvelle ordonnance créée: 12 pour consultation 44
INFO 2026-04-24 20:34:38,637 views 📊 Stats request - Period: all, User: hh_fiagan (Médecin)
INFO 2026-04-24 20:34:38,892 views 📊 Stats request - Period: all, User: hh_fiagan (Médecin)
INFO 2026-04-24 20:34:43,190 views 📊 Stats request - Period: day, User: hh_fiagan (Médecin)
INFO 2026-04-24 20:35:28,801 views 📊 Stats request - Period: month, User: hh_fiagan (Médecin)
INFO 2026-04-24 20:35:31,035 views 📊 Stats request - Period: year, User: hh_fiagan (Médecin)
INFO 2026-04-24 20:35:32,351 views 📊 Stats request - Period: all, User: hh_fiagan (Médecin)
INFO 2026-04-24 20:35:33,547 views 📊 Stats request - Period: all, User: hh_fiagan (Médecin)
INFO 2026-04-24 23:54:01,463 views ✅ Nouvelle ordonnance créée: 13 pour consultation 46
INFO 2026-04-24 23:55:42,527 views ℹ️ Ordonnance 13 existe déjà pour consultation 46, réutilisation...
INFO 2026-04-25 10:03:53,178 views ✅ Nouvelle ordonnance créée: 14 pour consultation 51
INFO 2026-04-25 10:07:34,076 views ℹ️ Ordonnance 14 existe déjà pour consultation 51, réutilisation...
ERROR 2026-04-25 12:34:14,184 views ❌ Error partially updating doctor: Got AttributeError when attempting to get a value for field `matricule` on serializer `DoctorProfileSerializer`.
The serializer field might be named incorrectly and not match any attribute or key on the `User` instance.
Original exception text was: 'User' object has no attribute 'matricule'.
INFO 2026-04-25 12:39:14,943 views ✅ Nouvelle ordonnance créée: 15 pour consultation 52
INFO 2026-04-25 12:43:22,632 views ✅ Nouvelle ordonnance créée: 16 pour consultation 53
INFO 2026-04-25 12:47:36,918 views ✅ Nouvelle ordonnance créée: 17 pour consultation 54
INFO 2026-04-25 12:54:12,647 views ✅ Nouvelle ordonnance créée: 18 pour consultation 55
INFO 2026-04-25 22:38:36,130 views ✅ Nouvelle ordonnance créée: 19 pour consultation 56
INFO 2026-04-25 22:54:06,304 views 📊 Stats request - Period: day, User: sam9838azzzzzzzzzzzzzzzzzzzzzzzzzzzzzzzzzzzzzzzzzzzz (Administrateur)
INFO 2026-04-25 22:54:06,471 views 📊 Stats request - Period: day, User: sam9838azzzzzzzzzzzzzzzzzzzzzzzzzzzzzzzzzzzzzzzzzzzz (Administrateur)
INFO 2026-04-25 22:54:36,821 views 📊 Stats request - Period: day, User: sam9838azzzzzzzzzzzzzzzzzzzzzzzzzzzzzzzzzzzzzzzzzzzz (Administrateur)
INFO 2026-04-25 22:55:08,448 views 📊 Stats request - Period: day, User: sam9838azzzzzzzzzzzzzzzzzzzzzzzzzzzzzzzzzzzzzzzzzzzz (Administrateur)
INFO 2026-04-25 22:55:18,189 views 📊 Stats request - Period: day, User: sam9838azzzzzzzzzzzzzzzzzzzzzzzzzzzzzzzzzzzzzzzzzzzz (Administrateur)
INFO 2026-04-25 22:55:29,240 views 📊 Stats request - Period: day, User: sam9838azzzzzzzzzzzzzzzzzzzzzzzzzzzzzzzzzzzzzzzzzzzz (Administrateur)
INFO 2026-04-25 22:55:29,395 views 📊 Stats request - Period: day, User: sam9838azzzzzzzzzzzzzzzzzzzzzzzzzzzzzzzzzzzzzzzzzzzz (Administrateur)
INFO 2026-04-25 22:55:45,313 views 📊 Stats request - Period: day, User: sam9838azzzzzzzzzzzzzzzzzzzzzzzzzzzzzzzzzzzzzzzzzzzz (Administrateur)
INFO 2026-04-25 22:55:45,445 views 📊 Stats request - Period: day, User: sam9838azzzzzzzzzzzzzzzzzzzzzzzzzzzzzzzzzzzzzzzzzzzz (Administrateur)
INFO 2026-04-25 22:55:54,973 views 📊 Stats request - Period: day, User: sam9838azzzzzzzzzzzzzzzzzzzzzzzzzzzzzzzzzzzzzzzzzzzz (Administrateur)
INFO 2026-04-25 22:55:55,114 views 📊 Stats request - Period: day, User: sam9838azzzzzzzzzzzzzzzzzzzzzzzzzzzzzzzzzzzzzzzzzzzz (Administrateur)
INFO 2026-04-25 22:56:18,374 views 📊 Stats request - Period: day, User: sam9838azzzzzzzzzzzzzzzzzzzzzzzzzzzzzzzzzzzzzzzzzzzz (Administrateur)
INFO 2026-04-25 22:56:18,502 views 📊 Stats request - Period: day, User: sam9838azzzzzzzzzzzzzzzzzzzzzzzzzzzzzzzzzzzzzzzzzzzz (Administrateur)
INFO 2026-04-25 22:56:43,518 views 📊 Stats request - Period: day, User: sam9838azzzzzzzzzzzzzzzzzzzzzzzzzzzzzzzzzzzzzzzzzzzz (Administrateur)
INFO 2026-04-25 22:56:43,644 views 📊 Stats request - Period: day, User: sam9838azzzzzzzzzzzzzzzzzzzzzzzzzzzzzzzzzzzzzzzzzzzz (Administrateur)
INFO 2026-04-25 22:56:50,937 views 📊 Stats request - Period: day, User: sam9838azzzzzzzzzzzzzzzzzzzzzzzzzzzzzzzzzzzzzzzzzzzz (Administrateur)
INFO 2026-04-25 22:56:51,138 views 📊 Stats request - Period: day, User: sam9838azzzzzzzzzzzzzzzzzzzzzzzzzzzzzzzzzzzzzzzzzzzz (Administrateur)
INFO 2026-04-25 22:57:21,236 views 📊 Stats request - Period: day, User: sam9838azzzzzzzzzzzzzzzzzzzzzzzzzzzzzzzzzzzzzzzzzzzz (Administrateur)
INFO 2026-04-25 22:57:51,956 views 📊 Stats request - Period: day, User: sam9838azzzzzzzzzzzzzzzzzzzzzzzzzzzzzzzzzzzzzzzzzzzz (Administrateur)
INFO 2026-04-25 22:58:25,078 views 📊 Stats request - Period: day, User: sam9838azzzzzzzzzzzzzzzzzzzzzzzzzzzzzzzzzzzzzzzzzzzz (Administrateur)
INFO 2026-04-25 22:58:58,201 views 📊 Stats request - Period: day, User: sam9838azzzzzzzzzzzzzzzzzzzzzzzzzzzzzzzzzzzzzzzzzzzz (Administrateur)
INFO 2026-04-25 22:59:28,200 views 📊 Stats request - Period: day, User: sam9838azzzzzzzzzzzzzzzzzzzzzzzzzzzzzzzzzzzzzzzzzzzz (Administrateur)
INFO 2026-04-25 22:59:58,697 views 📊 Stats request - Period: day, User: sam9838azzzzzzzzzzzzzzzzzzzzzzzzzzzzzzzzzzzzzzzzzzzz (Administrateur)
INFO 2026-04-25 23:00:31,804 views 📊 Stats request - Period: day, User: sam9838azzzzzzzzzzzzzzzzzzzzzzzzzzzzzzzzzzzzzzzzzzzz (Administrateur)
INFO 2026-04-25 23:01:04,916 views 📊 Stats request - Period: day, User: sam9838azzzzzzzzzzzzzzzzzzzzzzzzzzzzzzzzzzzzzzzzzzzz (Administrateur)
INFO 2026-04-25 23:01:34,930 views 📊 Stats request - Period: day, User: sam9838azzzzzzzzzzzzzzzzzzzzzzzzzzzzzzzzzzzzzzzzzzzz (Administrateur)
INFO 2026-04-25 23:02:08,053 views 📊 Stats request - Period: day, User: sam9838azzzzzzzzzzzzzzzzzzzzzzzzzzzzzzzzzzzzzzzzzzzz (Administrateur)
INFO 2026-04-25 23:02:38,076 views 📊 Stats request - Period: day, User: sam9838azzzzzzzzzzzzzzzzzzzzzzzzzzzzzzzzzzzzzzzzzzzz (Administrateur)
INFO 2026-04-25 23:03:10,664 views 📊 Stats request - Period: day, User: sam9838azzzzzzzzzzzzzzzzzzzzzzzzzzzzzzzzzzzzzzzzzzzz (Administrateur)
INFO 2026-04-25 23:03:40,886 views 📊 Stats request - Period: day, User: sam9838azzzzzzzzzzzzzzzzzzzzzzzzzzzzzzzzzzzzzzzzzzzz (Administrateur)
INFO 2026-04-25 23:04:11,194 views 📊 Stats request - Period: day, User: sam9838azzzzzzzzzzzzzzzzzzzzzzzzzzzzzzzzzzzzzzzzzzzz (Administrateur)
INFO 2026-04-25 23:04:43,930 views 📊 Stats request - Period: day, User: sam9838azzzzzzzzzzzzzzzzzzzzzzzzzzzzzzzzzzzzzzzzzzzz (Administrateur)
INFO 2026-04-25 23:05:17,057 views 📊 Stats request - Period: day, User: sam9838azzzzzzzzzzzzzzzzzzzzzzzzzzzzzzzzzzzzzzzzzzzz (Administrateur)
INFO 2026-04-25 23:05:47,936 views 📊 Stats request - Period: day, User: sam9838azzzzzzzzzzzzzzzzzzzzzzzzzzzzzzzzzzzzzzzzzzzz (Administrateur)
INFO 2026-04-25 23:06:21,069 views 📊 Stats request - Period: day, User: sam9838azzzzzzzzzzzzzzzzzzzzzzzzzzzzzzzzzzzzzzzzzzzz (Administrateur)
INFO 2026-04-25 23:06:54,170 views 📊 Stats request - Period: day, User: sam9838azzzzzzzzzzzzzzzzzzzzzzzzzzzzzzzzzzzzzzzzzzzz (Administrateur)
INFO 2026-04-25 23:07:27,265 views 📊 Stats request - Period: day, User: sam9838azzzzzzzzzzzzzzzzzzzzzzzzzzzzzzzzzzzzzzzzzzzz (Administrateur)
INFO 2026-04-25 23:08:00,376 views 📊 Stats request - Period: day, User: sam9838azzzzzzzzzzzzzzzzzzzzzzzzzzzzzzzzzzzzzzzzzzzz (Administrateur)
INFO 2026-04-25 23:08:33,484 views 📊 Stats request - Period: day, User: sam9838azzzzzzzzzzzzzzzzzzzzzzzzzzzzzzzzzzzzzzzzzzzz (Administrateur)
INFO 2026-04-25 23:09:06,608 views 📊 Stats request - Period: day, User: sam9838azzzzzzzzzzzzzzzzzzzzzzzzzzzzzzzzzzzzzzzzzzzz (Administrateur)
INFO 2026-04-25 23:09:39,713 views 📊 Stats request - Period: day, User: sam9838azzzzzzzzzzzzzzzzzzzzzzzzzzzzzzzzzzzzzzzzzzzz (Administrateur)
INFO 2026-04-25 23:10:12,825 views 📊 Stats request - Period: day, User: sam9838azzzzzzzzzzzzzzzzzzzzzzzzzzzzzzzzzzzzzzzzzzzz (Administrateur)
INFO 2026-04-25 23:10:45,916 views 📊 Stats request - Period: day, User: sam9838azzzzzzzzzzzzzzzzzzzzzzzzzzzzzzzzzzzzzzzzzzzz (Administrateur)
INFO 2026-04-25 23:11:16,644 views 📊 Stats request - Period: day, User: sam9838azzzzzzzzzzzzzzzzzzzzzzzzzzzzzzzzzzzzzzzzzzzz (Administrateur)
INFO 2026-04-25 23:11:49,743 views 📊 Stats request - Period: day, User: sam9838azzzzzzzzzzzzzzzzzzzzzzzzzzzzzzzzzzzzzzzzzzzz (Administrateur)
INFO 2026-04-25 23:12:22,852 views 📊 Stats request - Period: day, User: sam9838azzzzzzzzzzzzzzzzzzzzzzzzzzzzzzzzzzzzzzzzzzzz (Administrateur)
INFO 2026-04-25 23:12:56,065 views 📊 Stats request - Period: day, User: sam9838azzzzzzzzzzzzzzzzzzzzzzzzzzzzzzzzzzzzzzzzzzzz (Administrateur)
INFO 2026-04-25 23:13:29,086 views 📊 Stats request - Period: day, User: sam9838azzzzzzzzzzzzzzzzzzzzzzzzzzzzzzzzzzzzzzzzzzzz (Administrateur)
INFO 2026-04-25 23:14:02,183 views 📊 Stats request - Period: day, User: sam9838azzzzzzzzzzzzzzzzzzzzzzzzzzzzzzzzzzzzzzzzzzzz (Administrateur)
INFO 2026-04-25 23:14:35,325 views 📊 Stats request - Period: day, User: sam9838azzzzzzzzzzzzzzzzzzzzzzzzzzzzzzzzzzzzzzzzzzzz (Administrateur)
INFO 2026-04-25 23:15:08,426 views 📊 Stats request - Period: day, User: sam9838azzzzzzzzzzzzzzzzzzzzzzzzzzzzzzzzzzzzzzzzzzzz (Administrateur)
INFO 2026-04-25 23:15:41,520 views 📊 Stats request - Period: day, User: sam9838azzzzzzzzzzzzzzzzzzzzzzzzzzzzzzzzzzzzzzzzzzzz (Administrateur)
INFO 2026-04-25 23:16:14,621 views 📊 Stats request - Period: day, User: sam9838azzzzzzzzzzzzzzzzzzzzzzzzzzzzzzzzzzzzzzzzzzzz (Administrateur)
INFO 2026-04-25 23:16:47,765 views 📊 Stats request - Period: day, User: sam9838azzzzzzzzzzzzzzzzzzzzzzzzzzzzzzzzzzzzzzzzzzzz (Administrateur)
INFO 2026-04-25 23:17:20,856 views 📊 Stats request - Period: day, User: sam9838azzzzzzzzzzzzzzzzzzzzzzzzzzzzzzzzzzzzzzzzzzzz (Administrateur)
INFO 2026-04-25 23:17:53,950 views 📊 Stats request - Period: day, User: sam9838azzzzzzzzzzzzzzzzzzzzzzzzzzzzzzzzzzzzzzzzzzzz (Administrateur)
INFO 2026-04-25 23:18:27,050 views 📊 Stats request - Period: day, User: sam9838azzzzzzzzzzzzzzzzzzzzzzzzzzzzzzzzzzzzzzzzzzzz (Administrateur)
INFO 2026-04-25 23:19:00,154 views 📊 Stats request - Period: day, User: sam9838azzzzzzzzzzzzzzzzzzzzzzzzzzzzzzzzzzzzzzzzzzzz (Administrateur)
INFO 2026-04-25 23:19:33,290 views 📊 Stats request - Period: day, User: sam9838azzzzzzzzzzzzzzzzzzzzzzzzzzzzzzzzzzzzzzzzzzzz (Administrateur)
INFO 2026-04-25 23:20:06,381 views 📊 Stats request - Period: day, User: sam9838azzzzzzzzzzzzzzzzzzzzzzzzzzzzzzzzzzzzzzzzzzzz (Administrateur)
INFO 2026-04-25 23:20:39,485 views 📊 Stats request - Period: day, User: sam9838azzzzzzzzzzzzzzzzzzzzzzzzzzzzzzzzzzzzzzzzzzzz (Administrateur)
INFO 2026-04-25 23:21:12,623 views 📊 Stats request - Period: day, User: sam9838azzzzzzzzzzzzzzzzzzzzzzzzzzzzzzzzzzzzzzzzzzzz (Administrateur)
INFO 2026-04-25 23:21:45,725 views 📊 Stats request - Period: day, User: sam9838azzzzzzzzzzzzzzzzzzzzzzzzzzzzzzzzzzzzzzzzzzzz (Administrateur)
INFO 2026-04-25 23:22:18,839 views 📊 Stats request - Period: day, User: sam9838azzzzzzzzzzzzzzzzzzzzzzzzzzzzzzzzzzzzzzzzzzzz (Administrateur)
INFO 2026-04-25 23:22:51,942 views 📊 Stats request - Period: day, User: sam9838azzzzzzzzzzzzzzzzzzzzzzzzzzzzzzzzzzzzzzzzzzzz (Administrateur)
INFO 2026-04-25 23:23:25,065 views 📊 Stats request - Period: day, User: sam9838azzzzzzzzzzzzzzzzzzzzzzzzzzzzzzzzzzzzzzzzzzzz (Administrateur)
INFO 2026-04-25 23:23:58,158 views 📊 Stats request - Period: day, User: sam9838azzzzzzzzzzzzzzzzzzzzzzzzzzzzzzzzzzzzzzzzzzzz (Administrateur)
INFO 2026-04-25 23:24:31,275 views 📊 Stats request - Period: day, User: sam9838azzzzzzzzzzzzzzzzzzzzzzzzzzzzzzzzzzzzzzzzzzzz (Administrateur)
INFO 2026-04-25 23:25:04,428 views 📊 Stats request - Period: day, User: sam9838azzzzzzzzzzzzzzzzzzzzzzzzzzzzzzzzzzzzzzzzzzzz (Administrateur)
INFO 2026-04-25 23:25:37,498 views 📊 Stats request - Period: day, User: sam9838azzzzzzzzzzzzzzzzzzzzzzzzzzzzzzzzzzzzzzzzzzzz (Administrateur)
INFO 2026-04-25 23:26:10,596 views 📊 Stats request - Period: day, User: sam9838azzzzzzzzzzzzzzzzzzzzzzzzzzzzzzzzzzzzzzzzzzzz (Administrateur)
INFO 2026-04-25 23:26:43,728 views 📊 Stats request - Period: day, User: sam9838azzzzzzzzzzzzzzzzzzzzzzzzzzzzzzzzzzzzzzzzzzzz (Administrateur)
INFO 2026-04-25 23:27:15,616 views 📊 Stats request - Period: day, User: sam9838azzzzzzzzzzzzzzzzzzzzzzzzzzzzzzzzzzzzzzzzzzzz (Administrateur)
INFO 2026-04-25 23:27:48,731 views 📊 Stats request - Period: day, User: sam9838azzzzzzzzzzzzzzzzzzzzzzzzzzzzzzzzzzzzzzzzzzzz (Administrateur)
INFO 2026-04-25 23:28:18,746 views 📊 Stats request - Period: day, User: sam9838azzzzzzzzzzzzzzzzzzzzzzzzzzzzzzzzzzzzzzzzzzzz (Administrateur)
INFO 2026-04-25 23:28:51,848 views 📊 Stats request - Period: day, User: sam9838azzzzzzzzzzzzzzzzzzzzzzzzzzzzzzzzzzzzzzzzzzzz (Administrateur)
INFO 2026-04-25 23:29:21,875 views 📊 Stats request - Period: day, User: sam9838azzzzzzzzzzzzzzzzzzzzzzzzzzzzzzzzzzzzzzzzzzzz (Administrateur)
INFO 2026-04-25 23:29:54,997 views 📊 Stats request - Period: day, User: sam9838azzzzzzzzzzzzzzzzzzzzzzzzzzzzzzzzzzzzzzzzzzzz (Administrateur)
INFO 2026-04-25 23:30:26,787 views 📊 Stats request - Period: day, User: sam9838azzzzzzzzzzzzzzzzzzzzzzzzzzzzzzzzzzzzzzzzzzzz (Administrateur)
INFO 2026-04-25 23:30:59,891 views 📊 Stats request - Period: day, User: sam9838azzzzzzzzzzzzzzzzzzzzzzzzzzzzzzzzzzzzzzzzzzzz (Administrateur)
INFO 2026-04-25 23:31:29,903 views 📊 Stats request - Period: day, User: sam9838azzzzzzzzzzzzzzzzzzzzzzzzzzzzzzzzzzzzzzzzzzzz (Administrateur)
INFO 2026-04-25 23:32:03,025 views 📊 Stats request - Period: day, User: sam9838azzzzzzzzzzzzzzzzzzzzzzzzzzzzzzzzzzzzzzzzzzzz (Administrateur)
INFO 2026-04-25 23:32:33,082 views 📊 Stats request - Period: day, User: sam9838azzzzzzzzzzzzzzzzzzzzzzzzzzzzzzzzzzzzzzzzzzzz (Administrateur)
INFO 2026-04-25 23:33:06,168 views 📊 Stats request - Period: day, User: sam9838azzzzzzzzzzzzzzzzzzzzzzzzzzzzzzzzzzzzzzzzzzzz (Administrateur)
INFO 2026-04-25 23:33:36,153 views 📊 Stats request - Period: day, User: sam9838azzzzzzzzzzzzzzzzzzzzzzzzzzzzzzzzzzzzzzzzzzzz (Administrateur)
INFO 2026-04-25 23:34:09,272 views 📊 Stats request - Period: day, User: sam9838azzzzzzzzzzzzzzzzzzzzzzzzzzzzzzzzzzzzzzzzzzzz (Administrateur)
INFO 2026-04-25 23:34:40,290 views 📊 Stats request - Period: day, User: sam9838azzzzzzzzzzzzzzzzzzzzzzzzzzzzzzzzzzzzzzzzzzzz (Administrateur)
INFO 2026-04-25 23:35:12,258 views 📊 Stats request - Period: day, User: sam9838azzzzzzzzzzzzzzzzzzzzzzzzzzzzzzzzzzzzzzzzzzzz (Administrateur)
INFO 2026-04-25 23:35:42,245 views 📊 Stats request - Period: day, User: sam9838azzzzzzzzzzzzzzzzzzzzzzzzzzzzzzzzzzzzzzzzzzzz (Administrateur)
INFO 2026-04-25 23:36:15,359 views 📊 Stats request - Period: day, User: sam9838azzzzzzzzzzzzzzzzzzzzzzzzzzzzzzzzzzzzzzzzzzzz (Administrateur)
INFO 2026-04-25 23:36:48,476 views 📊 Stats request - Period: day, User: sam9838azzzzzzzzzzzzzzzzzzzzzzzzzzzzzzzzzzzzzzzzzzzz (Administrateur)
INFO 2026-04-25 23:37:21,677 views 📊 Stats request - Period: day, User: sam9838azzzzzzzzzzzzzzzzzzzzzzzzzzzzzzzzzzzzzzzzzzzz (Administrateur)
INFO 2026-04-25 23:37:54,677 views 📊 Stats request - Period: day, User: sam9838azzzzzzzzzzzzzzzzzzzzzzzzzzzzzzzzzzzzzzzzzzzz (Administrateur)
INFO 2026-04-25 23:38:27,811 views 📊 Stats request - Period: day, User: sam9838azzzzzzzzzzzzzzzzzzzzzzzzzzzzzzzzzzzzzzzzzzzz (Administrateur)
INFO 2026-04-25 23:39:00,951 views 📊 Stats request - Period: day, User: sam9838azzzzzzzzzzzzzzzzzzzzzzzzzzzzzzzzzzzzzzzzzzzz (Administrateur)
INFO 2026-04-25 23:39:31,328 views 📊 Stats request - Period: day, User: sam9838azzzzzzzzzzzzzzzzzzzzzzzzzzzzzzzzzzzzzzzzzzzz (Administrateur)
INFO 2026-04-25 23:40:04,442 views 📊 Stats request - Period: day, User: sam9838azzzzzzzzzzzzzzzzzzzzzzzzzzzzzzzzzzzzzzzzzzzz (Administrateur)
INFO 2026-04-25 23:40:34,429 views 📊 Stats request - Period: day, User: sam9838azzzzzzzzzzzzzzzzzzzzzzzzzzzzzzzzzzzzzzzzzzzz (Administrateur)
INFO 2026-04-25 23:41:04,867 views 📊 Stats request - Period: day, User: sam9838azzzzzzzzzzzzzzzzzzzzzzzzzzzzzzzzzzzzzzzzzzzz (Administrateur)
INFO 2026-04-25 23:41:37,881 views 📊 Stats request - Period: day, User: sam9838azzzzzzzzzzzzzzzzzzzzzzzzzzzzzzzzzzzzzzzzzzzz (Administrateur)
INFO 2026-04-25 23:42:11,062 views 📊 Stats request - Period: day, User: sam9838azzzzzzzzzzzzzzzzzzzzzzzzzzzzzzzzzzzzzzzzzzzz (Administrateur)
INFO 2026-04-25 23:42:44,085 views 📊 Stats request - Period: day, User: sam9838azzzzzzzzzzzzzzzzzzzzzzzzzzzzzzzzzzzzzzzzzzzz (Administrateur)
INFO 2026-04-25 23:43:17,197 views 📊 Stats request - Period: day, User: sam9838azzzzzzzzzzzzzzzzzzzzzzzzzzzzzzzzzzzzzzzzzzzz (Administrateur)
INFO 2026-04-25 23:43:50,321 views 📊 Stats request - Period: day, User: sam9838azzzzzzzzzzzzzzzzzzzzzzzzzzzzzzzzzzzzzzzzzzzz (Administrateur)
INFO 2026-04-25 23:44:23,464 views 📊 Stats request - Period: day, User: sam9838azzzzzzzzzzzzzzzzzzzzzzzzzzzzzzzzzzzzzzzzzzzz (Administrateur)
INFO 2026-04-25 23:44:55,699 views 📊 Stats request - Period: day, User: sam9838azzzzzzzzzzzzzzzzzzzzzzzzzzzzzzzzzzzzzzzzzzzz (Administrateur)
INFO 2026-04-25 23:45:25,744 views 📊 Stats request - Period: day, User: sam9838azzzzzzzzzzzzzzzzzzzzzzzzzzzzzzzzzzzzzzzzzzzz (Administrateur)
INFO 2026-04-25 23:45:58,889 views 📊 Stats request - Period: day, User: sam9838azzzzzzzzzzzzzzzzzzzzzzzzzzzzzzzzzzzzzzzzzzzz (Administrateur)
INFO 2026-04-25 23:46:32,069 views 📊 Stats request - Period: day, User: sam9838azzzzzzzzzzzzzzzzzzzzzzzzzzzzzzzzzzzzzzzzzzzz (Administrateur)
INFO 2026-04-25 23:47:05,135 views 📊 Stats request - Period: day, User: sam9838azzzzzzzzzzzzzzzzzzzzzzzzzzzzzzzzzzzzzzzzzzzz (Administrateur)
INFO 2026-04-25 23:47:35,318 views 📊 Stats request - Period: day, User: sam9838azzzzzzzzzzzzzzzzzzzzzzzzzzzzzzzzzzzzzzzzzzzz (Administrateur)
INFO 2026-04-25 23:48:05,288 views 📊 Stats request - Period: day, User: sam9838azzzzzzzzzzzzzzzzzzzzzzzzzzzzzzzzzzzzzzzzzzzz (Administrateur)
INFO 2026-04-25 23:48:38,396 views 📊 Stats request - Period: day, User: sam9838azzzzzzzzzzzzzzzzzzzzzzzzzzzzzzzzzzzzzzzzzzzz (Administrateur)
INFO 2026-04-25 23:49:11,515 views 📊 Stats request - Period: day, User: sam9838azzzzzzzzzzzzzzzzzzzzzzzzzzzzzzzzzzzzzzzzzzzz (Administrateur)
INFO 2026-04-25 23:49:42,694 views 📊 Stats request - Period: day, User: sam9838azzzzzzzzzzzzzzzzzzzzzzzzzzzzzzzzzzzzzzzzzzzz (Administrateur)
INFO 2026-04-25 23:50:14,622 views 📊 Stats request - Period: day, User: sam9838azzzzzzzzzzzzzzzzzzzzzzzzzzzzzzzzzzzzzzzzzzzz (Administrateur)
INFO 2026-04-25 23:50:44,664 views 📊 Stats request - Period: day, User: sam9838azzzzzzzzzzzzzzzzzzzzzzzzzzzzzzzzzzzzzzzzzzzz (Administrateur)
INFO 2026-04-25 23:51:17,736 views 📊 Stats request - Period: day, User: sam9838azzzzzzzzzzzzzzzzzzzzzzzzzzzzzzzzzzzzzzzzzzzz (Administrateur)
INFO 2026-04-25 23:51:47,765 views 📊 Stats request - Period: day, User: sam9838azzzzzzzzzzzzzzzzzzzzzzzzzzzzzzzzzzzzzzzzzzzz (Administrateur)
INFO 2026-04-25 23:52:20,865 views 📊 Stats request - Period: day, User: sam9838azzzzzzzzzzzzzzzzzzzzzzzzzzzzzzzzzzzzzzzzzzzz (Administrateur)
INFO 2026-04-25 23:52:53,976 views 📊 Stats request - Period: day, User: sam9838azzzzzzzzzzzzzzzzzzzzzzzzzzzzzzzzzzzzzzzzzzzz (Administrateur)
INFO 2026-04-25 23:53:27,094 views 📊 Stats request - Period: day, User: sam9838azzzzzzzzzzzzzzzzzzzzzzzzzzzzzzzzzzzzzzzzzzzz (Administrateur)
INFO 2026-04-25 23:54:00,195 views 📊 Stats request - Period: day, User: sam9838azzzzzzzzzzzzzzzzzzzzzzzzzzzzzzzzzzzzzzzzzzzz (Administrateur)
INFO 2026-04-25 23:54:33,298 views 📊 Stats request - Period: day, User: sam9838azzzzzzzzzzzzzzzzzzzzzzzzzzzzzzzzzzzzzzzzzzzz (Administrateur)
INFO 2026-04-25 23:55:06,457 views 📊 Stats request - Period: day, User: sam9838azzzzzzzzzzzzzzzzzzzzzzzzzzzzzzzzzzzzzzzzzzzz (Administrateur)
INFO 2026-04-25 23:55:39,512 views 📊 Stats request - Period: day, User: sam9838azzzzzzzzzzzzzzzzzzzzzzzzzzzzzzzzzzzzzzzzzzzz (Administrateur)
INFO 2026-04-25 23:56:12,648 views 📊 Stats request - Period: day, User: sam9838azzzzzzzzzzzzzzzzzzzzzzzzzzzzzzzzzzzzzzzzzzzz (Administrateur)
INFO 2026-04-25 23:56:43,382 views 📊 Stats request - Period: day, User: sam9838azzzzzzzzzzzzzzzzzzzzzzzzzzzzzzzzzzzzzzzzzzzz (Administrateur)
INFO 2026-04-25 23:57:16,513 views 📊 Stats request - Period: day, User: sam9838azzzzzzzzzzzzzzzzzzzzzzzzzzzzzzzzzzzzzzzzzzzz (Administrateur)
INFO 2026-04-25 23:57:46,668 views 📊 Stats request - Period: day, User: sam9838azzzzzzzzzzzzzzzzzzzzzzzzzzzzzzzzzzzzzzzzzzzz (Administrateur)
INFO 2026-04-25 23:58:17,460 views 📊 Stats request - Period: day, User: sam9838azzzzzzzzzzzzzzzzzzzzzzzzzzzzzzzzzzzzzzzzzzzz (Administrateur)
INFO 2026-04-25 23:58:47,632 views 📊 Stats request - Period: day, User: sam9838azzzzzzzzzzzzzzzzzzzzzzzzzzzzzzzzzzzzzzzzzzzz (Administrateur)
INFO 2026-04-25 23:59:20,726 views 📊 Stats request - Period: day, User: sam9838azzzzzzzzzzzzzzzzzzzzzzzzzzzzzzzzzzzzzzzzzzzz (Administrateur)
INFO 2026-04-25 23:59:50,913 views 📊 Stats request - Period: day, User: sam9838azzzzzzzzzzzzzzzzzzzzzzzzzzzzzzzzzzzzzzzzzzzz (Administrateur)
INFO 2026-04-26 00:00:24,008 views 📊 Stats request - Period: day, User: sam9838azzzzzzzzzzzzzzzzzzzzzzzzzzzzzzzzzzzzzzzzzzzz (Administrateur)
INFO 2026-04-26 00:00:57,123 views 📊 Stats request - Period: day, User: sam9838azzzzzzzzzzzzzzzzzzzzzzzzzzzzzzzzzzzzzzzzzzzz (Administrateur)
INFO 2026-04-26 00:01:30,210 views 📊 Stats request - Period: day, User: sam9838azzzzzzzzzzzzzzzzzzzzzzzzzzzzzzzzzzzzzzzzzzzz (Administrateur)
INFO 2026-04-26 00:02:03,327 views 📊 Stats request - Period: day, User: sam9838azzzzzzzzzzzzzzzzzzzzzzzzzzzzzzzzzzzzzzzzzzzz (Administrateur)
INFO 2026-04-26 00:02:36,580 views 📊 Stats request - Period: day, User: sam9838azzzzzzzzzzzzzzzzzzzzzzzzzzzzzzzzzzzzzzzzzzzz (Administrateur)
INFO 2026-04-26 00:03:09,588 views 📊 Stats request - Period: day, User: sam9838azzzzzzzzzzzzzzzzzzzzzzzzzzzzzzzzzzzzzzzzzzzz (Administrateur)
INFO 2026-04-26 00:03:42,660 views 📊 Stats request - Period: day, User: sam9838azzzzzzzzzzzzzzzzzzzzzzzzzzzzzzzzzzzzzzzzzzzz (Administrateur)
INFO 2026-04-26 00:04:15,809 views 📊 Stats request - Period: day, User: sam9838azzzzzzzzzzzzzzzzzzzzzzzzzzzzzzzzzzzzzzzzzzzz (Administrateur)
INFO 2026-04-26 00:04:48,882 views 📊 Stats request - Period: day, User: sam9838azzzzzzzzzzzzzzzzzzzzzzzzzzzzzzzzzzzzzzzzzzzz (Administrateur)
INFO 2026-04-26 00:05:21,985 views 📊 Stats request - Period: day, User: sam9838azzzzzzzzzzzzzzzzzzzzzzzzzzzzzzzzzzzzzzzzzzzz (Administrateur)
INFO 2026-04-26 00:05:55,091 views 📊 Stats request - Period: day, User: sam9838azzzzzzzzzzzzzzzzzzzzzzzzzzzzzzzzzzzzzzzzzzzz (Administrateur)
INFO 2026-04-26 00:06:28,215 views 📊 Stats request - Period: day, User: sam9838azzzzzzzzzzzzzzzzzzzzzzzzzzzzzzzzzzzzzzzzzzzz (Administrateur)
INFO 2026-04-26 00:06:58,357 views 📊 Stats request - Period: day, User: sam9838azzzzzzzzzzzzzzzzzzzzzzzzzzzzzzzzzzzzzzzzzzzz (Administrateur)
INFO 2026-04-26 00:07:31,418 views 📊 Stats request - Period: day, User: sam9838azzzzzzzzzzzzzzzzzzzzzzzzzzzzzzzzzzzzzzzzzzzz (Administrateur)
INFO 2026-04-26 00:08:04,545 views 📊 Stats request - Period: day, User: sam9838azzzzzzzzzzzzzzzzzzzzzzzzzzzzzzzzzzzzzzzzzzzz (Administrateur)
INFO 2026-04-26 00:08:37,608 views 📊 Stats request - Period: day, User: sam9838azzzzzzzzzzzzzzzzzzzzzzzzzzzzzzzzzzzzzzzzzzzz (Administrateur)
INFO 2026-04-26 00:09:10,771 views 📊 Stats request - Period: day, User: sam9838azzzzzzzzzzzzzzzzzzzzzzzzzzzzzzzzzzzzzzzzzzzz (Administrateur)
INFO 2026-04-26 00:09:43,846 views 📊 Stats request - Period: day, User: sam9838azzzzzzzzzzzzzzzzzzzzzzzzzzzzzzzzzzzzzzzzzzzz (Administrateur)
INFO 2026-04-26 00:10:16,974 views 📊 Stats request - Period: day, User: sam9838azzzzzzzzzzzzzzzzzzzzzzzzzzzzzzzzzzzzzzzzzzzz (Administrateur)
INFO 2026-04-26 00:10:50,153 views 📊 Stats request - Period: day, User: sam9838azzzzzzzzzzzzzzzzzzzzzzzzzzzzzzzzzzzzzzzzzzzz (Administrateur)
INFO 2026-04-26 00:11:20,247 views 📊 Stats request - Period: day, User: sam9838azzzzzzzzzzzzzzzzzzzzzzzzzzzzzzzzzzzzzzzzzzzz (Administrateur)
INFO 2026-04-26 00:11:53,345 views 📊 Stats request - Period: day, User: sam9838azzzzzzzzzzzzzzzzzzzzzzzzzzzzzzzzzzzzzzzzzzzz (Administrateur)
INFO 2026-04-26 00:12:26,408 views 📊 Stats request - Period: day, User: sam9838azzzzzzzzzzzzzzzzzzzzzzzzzzzzzzzzzzzzzzzzzzzz (Administrateur)
INFO 2026-04-26 00:12:59,565 views 📊 Stats request - Period: day, User: sam9838azzzzzzzzzzzzzzzzzzzzzzzzzzzzzzzzzzzzzzzzzzzz (Administrateur)
INFO 2026-04-26 00:13:32,665 views 📊 Stats request - Period: day, User: sam9838azzzzzzzzzzzzzzzzzzzzzzzzzzzzzzzzzzzzzzzzzzzz (Administrateur)
INFO 2026-04-26 00:14:05,856 views 📊 Stats request - Period: day, User: sam9838azzzzzzzzzzzzzzzzzzzzzzzzzzzzzzzzzzzzzzzzzzzz (Administrateur)
INFO 2026-04-26 00:14:38,864 views 📊 Stats request - Period: day, User: sam9838azzzzzzzzzzzzzzzzzzzzzzzzzzzzzzzzzzzzzzzzzzzz (Administrateur)
INFO 2026-04-26 00:15:11,983 views 📊 Stats request - Period: day, User: sam9838azzzzzzzzzzzzzzzzzzzzzzzzzzzzzzzzzzzzzzzzzzzz (Administrateur)
INFO 2026-04-26 00:15:45,114 views 📊 Stats request - Period: day, User: sam9838azzzzzzzzzzzzzzzzzzzzzzzzzzzzzzzzzzzzzzzzzzzz (Administrateur)
INFO 2026-04-26 00:16:15,326 views 📊 Stats request - Period: day, User: sam9838azzzzzzzzzzzzzzzzzzzzzzzzzzzzzzzzzzzzzzzzzzzz (Administrateur)
INFO 2026-04-26 00:16:48,414 views 📊 Stats request - Period: day, User: sam9838azzzzzzzzzzzzzzzzzzzzzzzzzzzzzzzzzzzzzzzzzzzz (Administrateur)
INFO 2026-04-26 00:17:18,382 views 📊 Stats request - Period: day, User: sam9838azzzzzzzzzzzzzzzzzzzzzzzzzzzzzzzzzzzzzzzzzzzz (Administrateur)
INFO 2026-04-26 00:17:48,419 views 📊 Stats request - Period: day, User: sam9838azzzzzzzzzzzzzzzzzzzzzzzzzzzzzzzzzzzzzzzzzzzz (Administrateur)
INFO 2026-04-26 00:18:18,399 views 📊 Stats request - Period: day, User: sam9838azzzzzzzzzzzzzzzzzzzzzzzzzzzzzzzzzzzzzzzzzzzz (Administrateur)
INFO 2026-04-26 00:18:51,504 views 📊 Stats request - Period: day, User: sam9838azzzzzzzzzzzzzzzzzzzzzzzzzzzzzzzzzzzzzzzzzzzz (Administrateur)
INFO 2026-04-26 00:19:24,623 views 📊 Stats request - Period: day, User: sam9838azzzzzzzzzzzzzzzzzzzzzzzzzzzzzzzzzzzzzzzzzzzz (Administrateur)
INFO 2026-04-26 00:19:57,752 views 📊 Stats request - Period: day, User: sam9838azzzzzzzzzzzzzzzzzzzzzzzzzzzzzzzzzzzzzzzzzzzz (Administrateur)
INFO 2026-04-26 00:20:28,726 views 📊 Stats request - Period: day, User: sam9838azzzzzzzzzzzzzzzzzzzzzzzzzzzzzzzzzzzzzzzzzzzz (Administrateur)
INFO 2026-04-26 00:21:01,809 views 📊 Stats request - Period: day, User: sam9838azzzzzzzzzzzzzzzzzzzzzzzzzzzzzzzzzzzzzzzzzzzz (Administrateur)
INFO 2026-04-26 00:21:34,992 views 📊 Stats request - Period: day, User: sam9838azzzzzzzzzzzzzzzzzzzzzzzzzzzzzzzzzzzzzzzzzzzz (Administrateur)
INFO 2026-04-26 00:22:08,035 views 📊 Stats request - Period: day, User: sam9838azzzzzzzzzzzzzzzzzzzzzzzzzzzzzzzzzzzzzzzzzzzz (Administrateur)
INFO 2026-04-26 00:22:38,279 views 📊 Stats request - Period: day, User: sam9838azzzzzzzzzzzzzzzzzzzzzzzzzzzzzzzzzzzzzzzzzzzz (Administrateur)
INFO 2026-04-26 00:23:11,398 views 📊 Stats request - Period: day, User: sam9838azzzzzzzzzzzzzzzzzzzzzzzzzzzzzzzzzzzzzzzzzzzz (Administrateur)
INFO 2026-04-26 00:23:44,502 views 📊 Stats request - Period: day, User: sam9838azzzzzzzzzzzzzzzzzzzzzzzzzzzzzzzzzzzzzzzzzzzz (Administrateur)
INFO 2026-04-26 00:24:17,637 views 📊 Stats request - Period: day, User: sam9838azzzzzzzzzzzzzzzzzzzzzzzzzzzzzzzzzzzzzzzzzzzz (Administrateur)
INFO 2026-04-26 00:24:50,732 views 📊 Stats request - Period: day, User: sam9838azzzzzzzzzzzzzzzzzzzzzzzzzzzzzzzzzzzzzzzzzzzz (Administrateur)
INFO 2026-04-26 00:25:23,867 views 📊 Stats request - Period: day, User: sam9838azzzzzzzzzzzzzzzzzzzzzzzzzzzzzzzzzzzzzzzzzzzz (Administrateur)
INFO 2026-04-26 00:25:57,013 views 📊 Stats request - Period: day, User: sam9838azzzzzzzzzzzzzzzzzzzzzzzzzzzzzzzzzzzzzzzzzzzz (Administrateur)
INFO 2026-04-26 00:26:30,248 views 📊 Stats request - Period: day, User: sam9838azzzzzzzzzzzzzzzzzzzzzzzzzzzzzzzzzzzzzzzzzzzz (Administrateur)
INFO 2026-04-26 00:27:03,165 views 📊 Stats request - Period: day, User: sam9838azzzzzzzzzzzzzzzzzzzzzzzzzzzzzzzzzzzzzzzzzzzz (Administrateur)
INFO 2026-04-26 00:27:33,901 views 📊 Stats request - Period: day, User: sam9838azzzzzzzzzzzzzzzzzzzzzzzzzzzzzzzzzzzzzzzzzzzz (Administrateur)
INFO 2026-04-26 00:28:07,052 views 📊 Stats request - Period: day, User: sam9838azzzzzzzzzzzzzzzzzzzzzzzzzzzzzzzzzzzzzzzzzzzz (Administrateur)
INFO 2026-04-26 00:28:37,174 views 📊 Stats request - Period: day, User: sam9838azzzzzzzzzzzzzzzzzzzzzzzzzzzzzzzzzzzzzzzzzzzz (Administrateur)
INFO 2026-04-26 00:29:10,264 views 📊 Stats request - Period: day, User: sam9838azzzzzzzzzzzzzzzzzzzzzzzzzzzzzzzzzzzzzzzzzzzz (Administrateur)
INFO 2026-04-26 00:29:43,409 views 📊 Stats request - Period: day, User: sam9838azzzzzzzzzzzzzzzzzzzzzzzzzzzzzzzzzzzzzzzzzzzz (Administrateur)
INFO 2026-04-26 00:30:16,519 views 📊 Stats request - Period: day, User: sam9838azzzzzzzzzzzzzzzzzzzzzzzzzzzzzzzzzzzzzzzzzzzz (Administrateur)
INFO 2026-04-26 00:30:49,645 views 📊 Stats request - Period: day, User: sam9838azzzzzzzzzzzzzzzzzzzzzzzzzzzzzzzzzzzzzzzzzzzz (Administrateur)
INFO 2026-04-26 00:31:22,721 views 📊 Stats request - Period: day, User: sam9838azzzzzzzzzzzzzzzzzzzzzzzzzzzzzzzzzzzzzzzzzzzz (Administrateur)
INFO 2026-04-26 00:31:55,824 views 📊 Stats request - Period: day, User: sam9838azzzzzzzzzzzzzzzzzzzzzzzzzzzzzzzzzzzzzzzzzzzz (Administrateur)
INFO 2026-04-26 00:32:28,946 views 📊 Stats request - Period: day, User: sam9838azzzzzzzzzzzzzzzzzzzzzzzzzzzzzzzzzzzzzzzzzzzz (Administrateur)
INFO 2026-04-26 00:33:02,040 views 📊 Stats request - Period: day, User: sam9838azzzzzzzzzzzzzzzzzzzzzzzzzzzzzzzzzzzzzzzzzzzz (Administrateur)
INFO 2026-04-26 00:33:35,160 views 📊 Stats request - Period: day, User: sam9838azzzzzzzzzzzzzzzzzzzzzzzzzzzzzzzzzzzzzzzzzzzz (Administrateur)
INFO 2026-04-26 00:34:08,246 views 📊 Stats request - Period: day, User: sam9838azzzzzzzzzzzzzzzzzzzzzzzzzzzzzzzzzzzzzzzzzzzz (Administrateur)
INFO 2026-04-26 00:34:41,404 views 📊 Stats request - Period: day, User: sam9838azzzzzzzzzzzzzzzzzzzzzzzzzzzzzzzzzzzzzzzzzzzz (Administrateur)
INFO 2026-04-26 00:35:14,504 views 📊 Stats request - Period: day, User: sam9838azzzzzzzzzzzzzzzzzzzzzzzzzzzzzzzzzzzzzzzzzzzz (Administrateur)
INFO 2026-04-26 00:35:47,603 views 📊 Stats request - Period: day, User: sam9838azzzzzzzzzzzzzzzzzzzzzzzzzzzzzzzzzzzzzzzzzzzz (Administrateur)
INFO 2026-04-26 00:36:20,721 views 📊 Stats request - Period: day, User: sam9838azzzzzzzzzzzzzzzzzzzzzzzzzzzzzzzzzzzzzzzzzzzz (Administrateur)
INFO 2026-04-26 00:36:50,729 views 📊 Stats request - Period: day, User: sam9838azzzzzzzzzzzzzzzzzzzzzzzzzzzzzzzzzzzzzzzzzzzz (Administrateur)
INFO 2026-04-26 00:37:23,861 views 📊 Stats request - Period: day, User: sam9838azzzzzzzzzzzzzzzzzzzzzzzzzzzzzzzzzzzzzzzzzzzz (Administrateur)
INFO 2026-04-26 00:37:53,831 views 📊 Stats request - Period: day, User: sam9838azzzzzzzzzzzzzzzzzzzzzzzzzzzzzzzzzzzzzzzzzzzz (Administrateur)
INFO 2026-04-26 00:38:27,011 views 📊 Stats request - Period: day, User: sam9838azzzzzzzzzzzzzzzzzzzzzzzzzzzzzzzzzzzzzzzzzzzz (Administrateur)
INFO 2026-04-26 00:38:57,175 views 📊 Stats request - Period: day, User: sam9838azzzzzzzzzzzzzzzzzzzzzzzzzzzzzzzzzzzzzzzzzzzz (Administrateur)
INFO 2026-04-26 00:39:30,314 views 📊 Stats request - Period: day, User: sam9838azzzzzzzzzzzzzzzzzzzzzzzzzzzzzzzzzzzzzzzzzzzz (Administrateur)
INFO 2026-04-26 00:40:00,295 views 📊 Stats request - Period: day, User: sam9838azzzzzzzzzzzzzzzzzzzzzzzzzzzzzzzzzzzzzzzzzzzz (Administrateur)
INFO 2026-04-26 00:40:33,464 views 📊 Stats request - Period: day, User: sam9838azzzzzzzzzzzzzzzzzzzzzzzzzzzzzzzzzzzzzzzzzzzz (Administrateur)
INFO 2026-04-26 00:41:06,532 views 📊 Stats request - Period: day, User: sam9838azzzzzzzzzzzzzzzzzzzzzzzzzzzzzzzzzzzzzzzzzzzz (Administrateur)
INFO 2026-04-26 00:41:39,715 views 📊 Stats request - Period: day, User: sam9838azzzzzzzzzzzzzzzzzzzzzzzzzzzzzzzzzzzzzzzzzzzz (Administrateur)
INFO 2026-04-26 00:42:12,793 views 📊 Stats request - Period: day, User: sam9838azzzzzzzzzzzzzzzzzzzzzzzzzzzzzzzzzzzzzzzzzzzz (Administrateur)
INFO 2026-04-26 00:42:45,854 views 📊 Stats request - Period: day, User: sam9838azzzzzzzzzzzzzzzzzzzzzzzzzzzzzzzzzzzzzzzzzzzz (Administrateur)
INFO 2026-04-26 00:43:19,032 views 📊 Stats request - Period: day, User: sam9838azzzzzzzzzzzzzzzzzzzzzzzzzzzzzzzzzzzzzzzzzzzz (Administrateur)
INFO 2026-04-26 00:43:52,086 views 📊 Stats request - Period: day, User: sam9838azzzzzzzzzzzzzzzzzzzzzzzzzzzzzzzzzzzzzzzzzzzz (Administrateur)
INFO 2026-04-26 00:44:25,195 views 📊 Stats request - Period: day, User: sam9838azzzzzzzzzzzzzzzzzzzzzzzzzzzzzzzzzzzzzzzzzzzz (Administrateur)
INFO 2026-04-26 00:44:58,279 views 📊 Stats request - Period: day, User: sam9838azzzzzzzzzzzzzzzzzzzzzzzzzzzzzzzzzzzzzzzzzzzz (Administrateur)
INFO 2026-04-26 00:45:31,462 views 📊 Stats request - Period: day, User: sam9838azzzzzzzzzzzzzzzzzzzzzzzzzzzzzzzzzzzzzzzzzzzz (Administrateur)
INFO 2026-04-26 00:46:04,565 views 📊 Stats request - Period: day, User: sam9838azzzzzzzzzzzzzzzzzzzzzzzzzzzzzzzzzzzzzzzzzzzz (Administrateur)
INFO 2026-04-26 00:46:37,571 views 📊 Stats request - Period: day, User: sam9838azzzzzzzzzzzzzzzzzzzzzzzzzzzzzzzzzzzzzzzzzzzz (Administrateur)
INFO 2026-04-26 00:47:10,776 views 📊 Stats request - Period: day, User: sam9838azzzzzzzzzzzzzzzzzzzzzzzzzzzzzzzzzzzzzzzzzzzz (Administrateur)
INFO 2026-04-26 00:47:43,877 views 📊 Stats request - Period: day, User: sam9838azzzzzzzzzzzzzzzzzzzzzzzzzzzzzzzzzzzzzzzzzzzz (Administrateur)
INFO 2026-04-26 00:48:16,991 views 📊 Stats request - Period: day, User: sam9838azzzzzzzzzzzzzzzzzzzzzzzzzzzzzzzzzzzzzzzzzzzz (Administrateur)
INFO 2026-04-26 00:48:50,090 views 📊 Stats request - Period: day, User: sam9838azzzzzzzzzzzzzzzzzzzzzzzzzzzzzzzzzzzzzzzzzzzz (Administrateur)
INFO 2026-04-26 00:49:21,013 views 📊 Stats request - Period: day, User: sam9838azzzzzzzzzzzzzzzzzzzzzzzzzzzzzzzzzzzzzzzzzzzz (Administrateur)
INFO 2026-04-26 02:41:28,291 views 📊 Stats request - Period: day, User: sam9838azzzzzzzzzzzzzzzzzzzzzzzzzzzzzzzzzzzzzzzzzzzz (Administrateur)
INFO 2026-04-26 02:41:28,506 views 📊 Stats request - Period: day, User: sam9838azzzzzzzzzzzzzzzzzzzzzzzzzzzzzzzzzzzzzzzzzzzz (Administrateur)
INFO 2026-04-26 02:47:48,745 views ✅ Nouvelle ordonnance créée: 20 pour consultation 58
INFO 2026-04-26 02:50:00,361 views 📊 Stats request - Period: all, User: hh_paul (Médecin)
INFO 2026-04-26 02:50:00,491 views 📊 Stats request - Period: all, User: hh_paul (Médecin)
INFO 2026-04-26 02:50:25,840 views 📊 Stats request - Period: day, User: hh_paul (Médecin)
INFO 2026-04-26 02:50:30,789 views 📊 Stats request - Period: month, User: hh_paul (Médecin)
INFO 2026-04-26 11:46:38,697 views ✅ Nouvelle ordonnance créée: 21 pour consultation 62
INFO 2026-04-26 11:55:11,445 views 📊 Stats request - Period: day, User: sam9838azzzzzzzzzzzzzzzzzzzzzzzzzzzzzzzzzzzzzzzzzzzz (Administrateur)
INFO 2026-04-26 11:55:11,613 views 📊 Stats request - Period: day, User: sam9838azzzzzzzzzzzzzzzzzzzzzzzzzzzzzzzzzzzzzzzzzzzz (Administrateur)
INFO 2026-04-26 11:57:56,720 views ✅ Nouvelle ordonnance créée: 22 pour consultation 63
INFO 2026-04-26 12:18:49,173 views ✅ Nouvelle ordonnance créée: 23 pour consultation 64
INFO 2026-04-26 12:19:21,078 views 📊 Stats request - Period: day, User: sam9838azzzzzzzzzzzzzzzzzzzzzzzzzzzzzzzzzzzzzzzzzzzz (Administrateur)
INFO 2026-04-26 12:19:21,222 views 📊 Stats request - Period: day, User: sam9838azzzzzzzzzzzzzzzzzzzzzzzzzzzzzzzzzzzzzzzzzzzz (Administrateur)
INFO 2026-04-26 12:24:02,482 views ✅ Nouvelle ordonnance créée: 24 pour consultation 65
INFO 2026-04-26 12:27:06,167 views ✅ Nouvelle ordonnance créée: 25 pour consultation 66
